---
source: tearchan-horde/src/v2/action/manager.rs
expression: "SnapshotResult::from_result(\"changes\", manager.current_tick(), &result,\n    &ActionSessionValidator::default())"

---
SnapshotResult {
    tag: "changes",
    current_tick: 15,
    move_actions: Some(
        [
            Action {
                raw: MoveState,
                entity_id: 1,
                ty: End {
                    tick: 15,
                },
            },
        ],
    ),
    jump_actions: None,
    talk_actions: None,
}
