---
source: tearchan-horde/src/v2/action/manager.rs
expression: "SnapshotResult::from_result(\"changes\", manager.current_tick(), &result,\n    &manager.validator())"

---
SnapshotResult {
    tag: "changes",
    current_tick: 0,
    move_actions: Some(
        [
            Action {
                raw: MoveState,
                entity_id: 1,
                ty: Start {
                    start: 0,
                    end: 15,
                },
            },
            Action {
                raw: MoveState,
                entity_id: 2,
                ty: Start {
                    start: 0,
                    end: 7,
                },
            },
        ],
    ),
    jump_actions: None,
    talk_actions: None,
}
