---
source: tearchan-horde/src/v2/action/collection.rs
expression: "collection.get::<MoveState>()"

---
Some(
    [
        Action {
            raw: MoveState,
            entity_id: 1,
            ty: Start {
                start: 0,
                end: 0,
                each: false,
            },
        },
    ],
)
