---
source: tearchan-gfx/src/batch/v2/object_manager.rs
expression: convert_events(&mut manager)

---
[
    ResizeIndexBuffer {
        len: 4,
    },
    ResizeVertexBuffer {
        len: 10,
    },
    Add {
        id: BatchObjectId(
            1,
        ),
    },
    WriteToIndexBuffer {
        id: BatchObjectId(
            1,
        ),
    },
    WriteToVertexBuffer {
        id: BatchObjectId(
            1,
        ),
        attribute: 0,
    },
    WriteToVertexBuffer {
        id: BatchObjectId(
            1,
        ),
        attribute: 1,
    },
    WriteToVertexBuffer {
        id: BatchObjectId(
            1,
        ),
        attribute: 2,
    },
]
