---
source: tearchan-horde/src/v2/mod.rs
expression: "collection.get::<JumpState>()"

---
None
